[themazine.com/html/chcharity/index.html]
[backblue.gif]
[fade.gif]
[index.html]
[themazine.com/html/chcharity/images/logo/favicon-1.png]
[themazine.com/html/chcharity/css/style.css]
[themazine.com/html/chcharity/css/responsive.css]
[themazine.com/html/chcharity/images/logo/theme-main-logo-1.png]
[themazine.com/html/chcharity/index-2.html]
[themazine.com/html/chcharity/events-v1.html]
[themazine.com/html/chcharity/events-v2.html]
[themazine.com/html/chcharity/events-details.html]
[themazine.com/html/chcharity/causes.html]
[themazine.com/html/chcharity/causes-sidebar.html]
[themazine.com/html/chcharity/causes-details.html]
[themazine.com/html/chcharity/about-us.html]
[themazine.com/html/chcharity/gallery.html]
[themazine.com/html/chcharity/team.html]
[themazine.com/html/chcharity/join-volunteer.html]
[themazine.com/html/chcharity/faq.html]
[themazine.com/html/chcharity/blog-v1.html]
[themazine.com/html/chcharity/blog-v2.html]
[themazine.com/html/chcharity/blog-details.html]
[themazine.com/html/chcharity/shop.html]
[themazine.com/html/chcharity/shop-details.html]
[themazine.com/html/chcharity/contact-us.html]
[themazine.com/html/chcharity/images/home/banner-slider-1.jpg]
[themazine.com/html/chcharity/images/home/banner-slider-2.jpg]
[themazine.com/html/chcharity/images/home/img-1.jpg]
[themazine.com/html/chcharity/images/home/img-2.jpg]
[themazine.com/html/chcharity/images/home/img-3.jpg]
[themazine.com/html/chcharity/images/shape/shape-1.png]
[themazine.com/html/chcharity/images/shape/shape-2.png]
[themazine.com/html/chcharity/images/home/img-4.jpg]
[themazine.com/html/chcharity/images/shape/shape-3.png]
[themazine.com/html/chcharity/images/home/1.jpg]
[themazine.com/html/chcharity/images/home/img-5.jpg]
[themazine.com/html/chcharity/images/home/img-6.jpg]
[themazine.com/html/chcharity/images/home/img-7.jpg]
[themazine.com/html/chcharity/images/logo/theme-main-logo-2.png]
[themazine.com/html/chcharity/vendor/bootstrap-select-1.10.0/dist/js/bootstrap-select.min.js]
[themazine.com/html/chcharity/vendor/bootstrap/js/bootstrap.min.js]
[themazine.com/html/chcharity/vendor/Camera-master/scripts/jquery.easing.1.3.js]
[themazine.com/html/chcharity/vendor/Camera-master/scripts/camera.min.js]
[themazine.com/html/chcharity/vendor/jquery-2.2.3.min.js]
[themazine.com/html/chcharity/vendor/OwlCarousel2/dist/owl.carousel.min.js]
[themazine.com/html/chcharity/vendor/jquery.appear.js]
[themazine.com/html/chcharity/vendor/jquery.countTo.js]
[themazine.com/html/chcharity/vendor/fancybox/dist/jquery.fancybox.min.js]
[themazine.com/html/chcharity/vendor/isotope.pkgd.min.js]
[themazine.com/html/chcharity/vendor/WOW-master/dist/wow.min.js]
[themazine.com/html/chcharity/vendor/circle-progress.js]
[themazine.com/html/chcharity/index.html]
[themazine.com/html/chcharity/js/custom.js]
[themazine.com/html/chcharity/vendor/bootstrap/css/bootstrap.min.css]
[themazine.com/html/chcharity/vendor/bootstrap-slider-master/dist/css/bootstrap-slider.min.css]
[themazine.com/html/chcharity/vendor/bootstrap-select-1.10.0/dist/css/bootstrap-select.min.css]
[themazine.com/html/chcharity/vendor/Camera-master/css/camera.css]
[themazine.com/html/chcharity/vendor/fancybox/dist/jquery.fancybox.min.css]
[themazine.com/html/chcharity/vendor/fancybox/jquery.fancybox.css]
[themazine.com/html/chcharity/font/font-awesome/css/font-awesome.min.css]
[themazine.com/html/chcharity/font/flat-icon/font/flaticon.css]
[themazine.com/html/chcharity/vendor/OwlCarousel2/dist/assets/owl.carousel.min.css]
[themazine.com/html/chcharity/vendor/OwlCarousel2/dist/assets/owl.theme.default.min.css]
[themazine.com/html/chcharity/vendor/WOW-master/css/libs/animate.css]
[themazine.com/html/chcharity/vendor/hover.css]
[themazine.com/html/chcharity/vendor/jquery-ui/jquery-ui.min.css]
[themazine.com/html/chcharity/vendor/sanzzy-map/dist/snazzy-info-window.min.css]
[themazine.com/html/chcharity/images/1.gif]
[themazine.com/html/chcharity/font/font-awesome/fonts/fontawesome-webfont.eot]
[themazine.com/html/chcharity/images/home/bg-img-1.jpg]
[themazine.com/html/chcharity/font/font-awesome/fonts/fontawesome-webfont.ttf]
[themazine.com/html/chcharity/font/font-awesome/fonts/fontawesome-webfont.woff2]
[themazine.com/html/chcharity/images/home/bg-img-2.jpg]
[themazine.com/html/chcharity/images/home/bg-img-3.jpg]
[themazine.com/html/chcharity/images/about/inner-banner-1.jpg]
[themazine.com/html/chcharity/images/about/inner-banner-2.jpg]
[themazine.com/html/chcharity/images/blog/img-2.jpg]
[themazine.com/html/chcharity/css/style.css]
[themazine.com/html/chcharity/css/responsive.css]
[themazine.com/html/chcharity/images/home/banner-slider-3.jpg]
[themazine.com/html/chcharity/images/home/img-8.jpg]
[themazine.com/html/chcharity/images/experts/img-1.jpg]
[themazine.com/html/chcharity/images/experts/img-2.jpg]
[themazine.com/html/chcharity/images/experts/img-3.jpg]
[themazine.com/html/chcharity/images/experts/img-4.jpg]
[themazine.com/html/chcharity/images/experts/img-5.jpg]
[themazine.com/html/chcharity/index-2.html]
[themazine.com/html/chcharity/images/causes/img-12.jpg]
[themazine.com/html/chcharity/images/causes/img-11.jpg]
[themazine.com/html/chcharity/images/causes/img-13.jpg]
[themazine.com/html/chcharity/images/causes/img-14.jpg]
[themazine.com/html/chcharity/images/causes/img-15.jpg]
[themazine.com/html/chcharity/images/causes/1.jpg]
[themazine.com/html/chcharity/images/causes/2.jpg]
[themazine.com/html/chcharity/images/causes/3.jpg]
[themazine.com/html/chcharity/images/causes/4.jpg]
[themazine.com/html/chcharity/events-v1.html]
[themazine.com/html/chcharity/images/about/img-4.jpg]
[themazine.com/html/chcharity/images/about/img-5.jpg]
[themazine.com/html/chcharity/images/about/img-6.jpg]
[themazine.com/html/chcharity/images/about/img-7.jpg]
[themazine.com/html/chcharity/images/about/img-8.jpg]
[themazine.com/html/chcharity/images/about/img-9.jpg]
[themazine.com/html/chcharity/events-v2.html]
[themazine.com/html/chcharity/images/about/img-11.jpg]
[themazine.com/html/chcharity/images/about/img-12.jpg]
[themazine.com/html/chcharity/images/causes/img-22.jpg]
[themazine.com/html/chcharity/images/causes/5.jpg]
[themazine.com/html/chcharity/images/causes/6.jpg]
[themazine.com/html/chcharity/images/causes/7.jpg]
[themazine.com/html/chcharity/images/causes/8.jpg]
[themazine.com/html/chcharity/events-details.html]
[themazine.com/html/chcharity/js/map-script.js]
[themazine.com/html/chcharity/vendor/sanzzy-map/dist/snazzy-info-window.min.js]
[themazine.com/html/chcharity/images/causes/img-4.jpg]
[themazine.com/html/chcharity/images/causes/img-5.jpg]
[themazine.com/html/chcharity/images/causes/img-7.jpg]
[themazine.com/html/chcharity/images/causes/img-8.jpg]
[themazine.com/html/chcharity/images/causes/img-9.jpg]
[themazine.com/html/chcharity/causes.html]
[themazine.com/html/chcharity/causes-sidebar.html]
[themazine.com/html/chcharity/images/causes/img-21.jpg]
[themazine.com/html/chcharity/causes-details.html]
[themazine.com/html/chcharity/images/about/img-1.jpg]
[themazine.com/html/chcharity/images/about/img-2.jpg]
[themazine.com/html/chcharity/images/about/img-3.jpg]
[themazine.com/html/chcharity/about-us.html]
[themazine.com/html/chcharity/images/about/img-13.jpg]
[themazine.com/html/chcharity/images/about/img-14.jpg]
[themazine.com/html/chcharity/images/about/img-15.jpg]
[themazine.com/html/chcharity/images/about/img-16.jpg]
[themazine.com/html/chcharity/images/about/img-17.jpg]
[themazine.com/html/chcharity/images/about/img-18.jpg]
[themazine.com/html/chcharity/images/about/img-20.jpg]
[themazine.com/html/chcharity/gallery.html]
[themazine.com/html/chcharity/images/experts/img-12.jpg]
[themazine.com/html/chcharity/vendor/mixitup.min.js]
[themazine.com/html/chcharity/images/experts/img-13.jpg]
[themazine.com/html/chcharity/images/experts/img-15.jpg]
[themazine.com/html/chcharity/team.html]
[themazine.com/html/chcharity/join-volunteer.html]
[themazine.com/html/chcharity/faq.html]
[themazine.com/html/chcharity/blog-v1.html]
[themazine.com/html/chcharity/blog-v2.html]
[themazine.com/html/chcharity/images/blog/1.jpg]
[themazine.com/html/chcharity/images/blog/img-1.jpg]
[themazine.com/html/chcharity/images/blog/2.jpg]
[themazine.com/html/chcharity/images/blog/3.jpg]
[themazine.com/html/chcharity/images/blog/4.jpg]
[themazine.com/html/chcharity/blog-details.html]
[themazine.com/html/chcharity/images/shop/img-1.jpg]
[themazine.com/html/chcharity/images/shop/img-2.jpg]
[themazine.com/html/chcharity/images/shop/img-3.jpg]
[themazine.com/html/chcharity/images/shop/img-4.jpg]
[themazine.com/html/chcharity/images/shop/img-5.jpg]
[themazine.com/html/chcharity/images/shop/img-6.jpg]
[themazine.com/html/chcharity/images/shop/img-7.jpg]
[themazine.com/html/chcharity/images/shop/img-8.jpg]
[themazine.com/html/chcharity/images/shop/img-9.jpg]
[themazine.com/html/chcharity/images/shop/1.jpg]
[themazine.com/html/chcharity/images/shop/2.jpg]
[themazine.com/html/chcharity/images/shop/3.jpg]
[themazine.com/html/chcharity/images/shop/4.jpg]
[themazine.com/html/chcharity/shop.html]
[themazine.com/html/chcharity/images/shop/img-11.jpg]
[themazine.com/html/chcharity/shop-details.html]
[themazine.com/html/chcharity/vendor/contact-form/validate.js]
[themazine.com/html/chcharity/contact-us.html]
[themazine.com/html/chcharity/vendor/bootstrap/fonts/glyphicons-halflings-regular.eot]
[themazine.com/html/chcharity/vendor/contact-form/jquery.form.js]
[themazine.com/html/chcharity/vendor/bootstrap/fonts/glyphicons-halflings-regulard41d.eot]
[themazine.com/html/chcharity/vendor/bootstrap/fonts/glyphicons-halflings-regular.woff2]
[themazine.com/html/chcharity/vendor/bootstrap/css/bootstrap.min.css]
[themazine.com/html/chcharity/vendor/bootstrap-slider-master/dist/css/bootstrap-slider.min.css]
[themazine.com/html/chcharity/vendor/bootstrap-select-1.10.0/dist/css/bootstrap-select.min.css]
[themazine.com/html/chcharity/vendor/Camera-master/images/blank.gif]
[themazine.com/html/chcharity/vendor/bootstrap/fonts/glyphicons-halflings-regular.woff]
[themazine.com/html/chcharity/vendor/Camera-master/images/camera-loader.gif]
[themazine.com/html/chcharity/vendor/bootstrap/fonts/glyphicons-halflings-regular.ttf]
[themazine.com/html/chcharity/vendor/Camera-master/images/camera_skins.png]
[themazine.com/html/chcharity/vendor/Camera-master/images/patterns/overlay1.png]
[themazine.com/html/chcharity/vendor/Camera-master/images/patterns/overlay2.png]
[themazine.com/html/chcharity/vendor/Camera-master/images/patterns/overlay3.png]
[themazine.com/html/chcharity/vendor/Camera-master/images/patterns/overlay4.png]
[themazine.com/html/chcharity/vendor/Camera-master/images/patterns/overlay5.png]
[themazine.com/html/chcharity/vendor/Camera-master/images/patterns/overlay6.png]
[themazine.com/html/chcharity/vendor/Camera-master/images/patterns/overlay7.png]
[themazine.com/html/chcharity/vendor/Camera-master/images/patterns/overlay8.png]
[themazine.com/html/chcharity/vendor/Camera-master/images/patterns/overlay9.png]
[themazine.com/html/chcharity/vendor/Camera-master/images/patterns/overlay10.png]
[themazine.com/html/chcharity/vendor/Camera-master/css/camera.css]
[themazine.com/html/chcharity/vendor/fancybox/dist/jquery.fancybox.min.css]
[themazine.com/html/chcharity/vendor/fancybox/fancybox_sprite.png]
[themazine.com/html/chcharity/vendor/fancybox/fancybox_loading.gif]
[themazine.com/html/chcharity/vendor/fancybox/blank.gif]
[themazine.com/html/chcharity/vendor/fancybox/fancybox_overlay.png]
[themazine.com/html/chcharity/vendor/fancybox/fancybox_sprite@2x.png]
[themazine.com/html/chcharity/vendor/fancybox/fancybox_loading@2x.gif]
[themazine.com/html/chcharity/vendor/fancybox/jquery.fancybox.css]
[themazine.com/html/chcharity/font/font-awesome/fonts/fontawesome-webfont3e6e.eot]
[themazine.com/html/chcharity/font/font-awesome/fonts/fontawesome-webfontd41d.eot]
[themazine.com/html/chcharity/font/font-awesome/css/font-awesome.min.css]
[themazine.com/html/chcharity/font/flat-icon/font/Flaticon.eot]
[themazine.com/html/chcharity/font/flat-icon/font/Flaticond41d.eot]
[themazine.com/html/chcharity/font/flat-icon/font/Flaticon.woff]
[themazine.com/html/chcharity/font/flat-icon/font/Flaticon.ttf]
[themazine.com/html/chcharity/font/flat-icon/font/flaticon.css]
[themazine.com/html/chcharity/vendor/OwlCarousel2/dist/assets/owl.video.play.png]
[themazine.com/html/chcharity/vendor/OwlCarousel2/dist/assets/owl.carousel.min.css]
[themazine.com/html/chcharity/vendor/OwlCarousel2/dist/assets/owl.theme.default.min.css]
[themazine.com/html/chcharity/vendor/WOW-master/css/libs/animate.css]
[themazine.com/html/chcharity/vendor/hover.css]
[themazine.com/html/chcharity/vendor/jquery-ui/images/ui-icons_444444_256x240.png]
[themazine.com/html/chcharity/vendor/jquery-ui/images/ui-icons_777777_256x240.png]
[themazine.com/html/chcharity/font/font-awesome/fonts/fontawesome-webfont3e6e.ttf]
[themazine.com/html/chcharity/vendor/jquery-ui/images/ui-icons_555555_256x240.png]
[themazine.com/html/chcharity/vendor/jquery-ui/images/ui-icons_ffffff_256x240.png]
[themazine.com/html/chcharity/vendor/jquery-ui/images/ui-icons_777620_256x240.png]
[themazine.com/html/chcharity/vendor/jquery-ui/images/ui-icons_cc0000_256x240.png]
[themazine.com/html/chcharity/vendor/jquery-ui/jquery-ui.min.css]
[themazine.com/html/chcharity/vendor/sanzzy-map/dist/snazzy-info-window.min.css]
[themazine.com/html/chcharity/font/font-awesome/fonts/fontawesome-webfont.svg]
[themazine.com/html/chcharity/images/causes/img-6.jpg]
[themazine.com/html/chcharity/images/about/img-19.jpg]
[themazine.com/html/chcharity/images/experts/img-11.jpg]
[themazine.com/html/chcharity/images/experts/img-14.jpg]
[themazine.com/html/chcharity/images/experts/img-16.jpg]
[themazine.com/html/chcharity/vendor/bootstrap/fonts/glyphicons-halflings-regular.svg]
[themazine.com/html/chcharity/vendor/fancybox/blank.html]
[themazine.com/html/chcharity/vendor/fancybox/fancybox_sprite@2x.html]
[themazine.com/html/chcharity/vendor/fancybox/fancybox_loading@2x.html]
[themazine.com/html/chcharity/font/font-awesome/fonts/fontawesome-webfont.woff]
[themazine.com/html/chcharity/font/font-awesome/fonts/fontawesome-webfont3e6e.svg]
[themazine.com/html/chcharity/font/flat-icon/font/Flaticon.svg]
[themazine.com/html/chcharity/font/font-awesome/fonts/fontawesome-webfont3e6e.woff2]
[themazine.com/html/chcharity/font/font-awesome/fonts/fontawesome-webfont3e6e.woff]
